../Drivers/STM32WBxx_HAL_Driver/Inc/stm32wbxx_ll_system.h:2223:26:LL_FLASH_GetUDN	4	static
../Drivers/STM32WBxx_HAL_Driver/Inc/stm32wbxx_ll_system.h:2235:26:LL_FLASH_GetDeviceID	4	static
../Drivers/STM32WBxx_HAL_Driver/Inc/stm32wbxx_ll_system.h:2247:26:LL_FLASH_GetSTCompanyID	4	static
../STM32_WPAN/App/app_ble.c:264:6:APP_BLE_Init	80	static
../STM32_WPAN/App/app_ble.c:410:28:SVCCTL_App_Notification	48	static
../STM32_WPAN/App/app_ble.c:680:22:APP_BLE_Get_Server_Connection_Status	4	static
../STM32_WPAN/App/app_ble.c:694:13:Ble_Tl_Init	16	static
../STM32_WPAN/App/app_ble.c:705:13:Ble_Hci_Gap_Gatt_Init	72	static
../STM32_WPAN/App/app_ble.c:961:13:Adv_Request	56	static
../STM32_WPAN/App/app_ble.c:1005:16:BleGetBdAddress	32	static
../STM32_WPAN/App/app_ble.c:1062:13:Adv_Cancel	16	static
../STM32_WPAN/App/app_ble.c:1144:6:APP_BLE_Key_Button1_Action	8	static
../STM32_WPAN/App/app_ble.c:1154:6:hci_notify_asynch_evt	16	static
../STM32_WPAN/App/app_ble.c:1161:6:hci_cmd_resp_release	16	static
../STM32_WPAN/App/app_ble.c:1168:6:hci_cmd_resp_wait	16	static
../STM32_WPAN/App/app_ble.c:1175:13:BLE_UserEvtRx	24	static
../STM32_WPAN/App/app_ble.c:1195:13:BLE_StatusNot	24	static
../STM32_WPAN/App/app_ble.c:1234:6:SVCCTL_ResumeUserEventFlow	8	static
